// Jest Snapshot v1, https://goo.gl/fbAQLP

exports[`InputWithIconButton render with onAction prop 1`] = `"InputWithIconButton"`;

exports[`InputWithIconButton renders 1`] = `"InputWithIconButton"`;
