// Jest Snapshot v1, https://goo.gl/fbAQLP

exports[`Modal renders 1`] = `
.c0 {
  box-sizing: border-box;
  margin: 0;
  min-width: 0;
  position: relative;
}

.c1 {
  box-sizing: border-box;
  margin: 0;
  min-width: 0;
  position: fixed;
  top: 50%;
  left: 50%;
  -webkit-transform: translate(-50%,-50%);
  -ms-transform: translate(-50%,-50%);
  transform: translate(-50%,-50%);
  max-width: 100vw;
  max-height: 100vh;
  overflow: auto;
  z-index: 1050;
  background-color: #f8f9fa;
  border-radius: radius;
}

<div
  class="c0"
>
  <div
    class="c1"
  />
</div>
`;

exports[`Modal renders with close button 1`] = `
.c0 {
  box-sizing: border-box;
  margin: 0;
  min-width: 0;
  position: relative;
}

.c1 {
  box-sizing: border-box;
  margin: 0;
  min-width: 0;
  position: fixed;
  top: 50%;
  left: 50%;
  -webkit-transform: translate(-50%,-50%);
  -ms-transform: translate(-50%,-50%);
  transform: translate(-50%,-50%);
  max-width: 100vw;
  max-height: 100vh;
  overflow: auto;
  z-index: 1050;
  background-color: #f8f9fa;
  border-radius: radius;
}

.c2 {
  box-sizing: border-box;
  margin: 0;
  min-width: 0;
  -webkit-appearance: none;
  -moz-appearance: none;
  appearance: none;
  display: inline-block;
  text-align: center;
  line-height: inherit;
  -webkit-text-decoration: none;
  text-decoration: none;
  font-size: inherit;
  padding-left: 16px;
  padding-right: 16px;
  padding-top: 8px;
  padding-bottom: 8px;
  color: #f8f9fa;
  background-color: #0588cb;
  border: 0;
  border-radius: 4px;
  font-size: 22px;
  font-weight: 700;
  color: #adb5bd;
  background-color: transparent;
  border-radius: none;
  border-width: 1px;
  border-style: solid;
  border-color: #0588cb;
  border: none;
  border-width: 2px;
  font-size: 16px;
}

.c2:hover {
  color: #ced4da;
}

.c2:disabled {
  opacity: 0.5;
}

.c2:active {
  color: #868e96;
}

.c3 {
  position: absolute;
  top: 0;
  height: 28px;
  padding: 0;
  margin: 0;
  left: initial;
  right: 0;
}

<div
  class="c0"
>
  <div
    class="c1"
  >
    <button
      class="c2 c3"
      font-size="1"
    >
      <svg
        fill="currentColor"
        height="1em"
        preserveAspectRatio="xMidYMid meet"
        style="vertical-align: middle;"
        viewBox="0 0 40 40"
        width="1em"
      >
        <g>
          <path
            d="m31.6 10.7l-9.3 9.3 9.3 9.3-2.3 2.3-9.3-9.3-9.3 9.3-2.3-2.3 9.3-9.3-9.3-9.3 2.3-2.3 9.3 9.3 9.3-9.3z"
          />
        </g>
      </svg>
    </button>
  </div>
</div>
`;
